Server 01 has 148086 lines
Server 02 has 153801 lines
Server 03 has 152524 lines
Server 04 has 162532 lines
Server 05 has 164143 lines
Server 06 has 171945 lines
Server 07 has 173933 lines
Server 08 has 174790 lines
Server 09 has 174719 lines
Server 10 has 149142 lines
